AS65 Assembler for R6502 [1.42].                                     Page    1
------------------------------- AllSuiteA.asm --------------------------------

1:	processor 6502
"AllSuiteA.asm",1 : Invalid mnemonic.
2:	.ORG $4000
"AllSuiteA.asm",2 : Invalid mnemonic.
9:	LDA #$00
"AllSuiteA.asm",9 : Invalid mnemonic.
10:	STA $0210
"AllSuiteA.asm",10 : Invalid mnemonic.
12:	LDA #$55
"AllSuiteA.asm",12 : Invalid mnemonic.
13:	STA $0200
"AllSuiteA.asm",13 : Invalid mnemonic.
14:	LDA #$AA
"AllSuiteA.asm",14 : Invalid mnemonic.
15:	STA $0201
"AllSuiteA.asm",15 : Invalid mnemonic.
16:	LDA #$FF
"AllSuiteA.asm",16 : Invalid mnemonic.
17:	STA $0202
"AllSuiteA.asm",17 : Invalid mnemonic.
18:	LDA #$6E
"AllSuiteA.asm",18 : Invalid mnemonic.
19:	STA $0203
"AllSuiteA.asm",19 : Invalid mnemonic.
20:	LDA #$42
"AllSuiteA.asm",20 : Invalid mnemonic.
21:	STA $0204
"AllSuiteA.asm",21 : Invalid mnemonic.
22:	LDA #$33
"AllSuiteA.asm",22 : Invalid mnemonic.
23:	STA $0205
"AllSuiteA.asm",23 : Invalid mnemonic.
24:	LDA #$9D
"AllSuiteA.asm",24 : Invalid mnemonic.
25:	STA $0206
"AllSuiteA.asm",25 : Invalid mnemonic.
26:	LDA #$7F
"AllSuiteA.asm",26 : Invalid mnemonic.
27:	STA $0207
"AllSuiteA.asm",27 : Invalid mnemonic.
28:	LDA #$A5
"AllSuiteA.asm",28 : Invalid mnemonic.
29:	STA $0208
"AllSuiteA.asm",29 : Invalid mnemonic.
30:	LDA #$1F
"AllSuiteA.asm",30 : Invalid mnemonic.
31:	STA $0209
"AllSuiteA.asm",31 : Invalid mnemonic.
32:	LDA #$CE
"AllSuiteA.asm",32 : Invalid mnemonic.
33:	STA $020A
"AllSuiteA.asm",33 : Invalid mnemonic.
34:	LDA #$29
"AllSuiteA.asm",34 : Invalid mnemonic.
35:	STA $020B
"AllSuiteA.asm",35 : Invalid mnemonic.
36:	LDA #$42
"AllSuiteA.asm",36 : Invalid mnemonic.
37:	STA $020C
"AllSuiteA.asm",37 : Invalid mnemonic.
38:	LDA #$6C
"AllSuiteA.asm",38 : Invalid mnemonic.
AS65 Assembler for R6502 [1.42].                                     Page    2
------------------------------- AllSuiteA.asm --------------------------------

39:	STA $020D
"AllSuiteA.asm",39 : Invalid mnemonic.
40:	LDA #$42
"AllSuiteA.asm",40 : Invalid mnemonic.
41:	STA $020E
"AllSuiteA.asm",41 : Invalid mnemonic.
46:   	LDA #85
"AllSuiteA.asm",46 : Invalid mnemonic.
47:	LDX #42
"AllSuiteA.asm",47 : Invalid mnemonic.
48:	LDY #115
"AllSuiteA.asm",48 : Invalid mnemonic.
49:	STA $81
"AllSuiteA.asm",49 : Invalid mnemonic.
50:	LDA #$01
"AllSuiteA.asm",50 : Invalid mnemonic.
51:	STA $61
"AllSuiteA.asm",51 : Invalid mnemonic.
52:	LDA #$7E
"AllSuiteA.asm",52 : Invalid mnemonic.
53:	LDA $81
"AllSuiteA.asm",53 : Invalid mnemonic.
54:	STA $0910
"AllSuiteA.asm",54 : Invalid mnemonic.
55:	LDA #$7E
"AllSuiteA.asm",55 : Invalid mnemonic.
56:	LDA $0910
"AllSuiteA.asm",56 : Invalid mnemonic.
57:	STA $56,X
"AllSuiteA.asm",57 : Invalid mnemonic.
58:	LDA #$7E
"AllSuiteA.asm",58 : Invalid mnemonic.
59:	LDA $56,X
"AllSuiteA.asm",59 : Invalid mnemonic.
60:	STY $60
"AllSuiteA.asm",60 : Invalid mnemonic.
61:	STA ($60),Y
"AllSuiteA.asm",61 : Invalid mnemonic.
62:	LDA #$7E
"AllSuiteA.asm",62 : Invalid mnemonic.
63:	LDA ($60),Y
"AllSuiteA.asm",63 : Invalid mnemonic.
64:	STA $07ff,X
"AllSuiteA.asm",64 : Invalid mnemonic.
65:	LDA #$7E
"AllSuiteA.asm",65 : Invalid mnemonic.
66:	LDA $07ff,X
"AllSuiteA.asm",66 : Invalid mnemonic.
67:	STA $07ff,Y
"AllSuiteA.asm",67 : Invalid mnemonic.
68:	LDA #$7E
"AllSuiteA.asm",68 : Invalid mnemonic.
69:	LDA $07ff,Y
"AllSuiteA.asm",69 : Invalid mnemonic.
70:	STA ($36,X)
"AllSuiteA.asm",70 : Invalid mnemonic.
71:	LDA #$7E
"AllSuiteA.asm",71 : Invalid mnemonic.
72:	LDA ($36,X)
"AllSuiteA.asm",72 : Invalid mnemonic.
73:	STX $50
"AllSuiteA.asm",73 : Invalid mnemonic.
AS65 Assembler for R6502 [1.42].                                     Page    3
------------------------------- AllSuiteA.asm --------------------------------

74:	LDX $60
"AllSuiteA.asm",74 : Invalid mnemonic.
75:	LDY $50
"AllSuiteA.asm",75 : Invalid mnemonic.
76:	STX $0913
"AllSuiteA.asm",76 : Invalid mnemonic.
77:	LDX #$22
"AllSuiteA.asm",77 : Invalid mnemonic.
78:	LDX $0913
"AllSuiteA.asm",78 : Invalid mnemonic.
79:	STY $0914
"AllSuiteA.asm",79 : Invalid mnemonic.
80:	LDY #$99
"AllSuiteA.asm",80 : Invalid mnemonic.
81:	LDY $0914
"AllSuiteA.asm",81 : Invalid mnemonic.
82:	STY $2D,X
"AllSuiteA.asm",82 : Invalid mnemonic.
83:	STX $77,Y
"AllSuiteA.asm",83 : Invalid mnemonic.
84:	LDY #$99
"AllSuiteA.asm",84 : Invalid mnemonic.
85:	LDY $2D,X
"AllSuiteA.asm",85 : Invalid mnemonic.
86:	LDX #$22
"AllSuiteA.asm",86 : Invalid mnemonic.
87:	LDX $77,Y
"AllSuiteA.asm",87 : Invalid mnemonic.
88:	LDY #$99
"AllSuiteA.asm",88 : Invalid mnemonic.
89:	LDY $08A0,X
"AllSuiteA.asm",89 : Invalid mnemonic.
90:	LDX #$22
"AllSuiteA.asm",90 : Invalid mnemonic.
91:	LDX $08A1,Y
"AllSuiteA.asm",91 : Invalid mnemonic.
92:	STA $0200,X
"AllSuiteA.asm",92 : Invalid mnemonic.
95:	LDA $022A
"AllSuiteA.asm",95 : Invalid mnemonic.
96:	CMP $0200
"AllSuiteA.asm",96 : Invalid mnemonic.
97:	BEQ test00pass
"AllSuiteA.asm",97 : Invalid mnemonic.
98:	JMP theend
"AllSuiteA.asm",98 : Invalid mnemonic.
100:	LDA #$FE
"AllSuiteA.asm",100 : Invalid mnemonic.
101:	STA $0210
"AllSuiteA.asm",101 : Invalid mnemonic.
107:	LDA #85
"AllSuiteA.asm",107 : Invalid mnemonic.
108:	AND #83
"AllSuiteA.asm",108 : Invalid mnemonic.
109:	ORA #56
"AllSuiteA.asm",109 : Invalid mnemonic.
110:	EOR #17
"AllSuiteA.asm",110 : Invalid mnemonic.
113:	STA $99
"AllSuiteA.asm",113 : Invalid mnemonic.
114:	LDA #185
"AllSuiteA.asm",114 : Invalid mnemonic.
AS65 Assembler for R6502 [1.42].                                     Page    4
------------------------------- AllSuiteA.asm --------------------------------

115:	STA $10
"AllSuiteA.asm",115 : Invalid mnemonic.
116:	LDA #231
"AllSuiteA.asm",116 : Invalid mnemonic.
117:	STA $11
"AllSuiteA.asm",117 : Invalid mnemonic.
118:	LDA #57
"AllSuiteA.asm",118 : Invalid mnemonic.
119:	STA $12
"AllSuiteA.asm",119 : Invalid mnemonic.
120:	LDA $99
"AllSuiteA.asm",120 : Invalid mnemonic.
121:	AND $10
"AllSuiteA.asm",121 : Invalid mnemonic.
122:	ORA $11
"AllSuiteA.asm",122 : Invalid mnemonic.
123:	EOR $12
"AllSuiteA.asm",123 : Invalid mnemonic.
126:	LDX #16
"AllSuiteA.asm",126 : Invalid mnemonic.
127:	STA $99
"AllSuiteA.asm",127 : Invalid mnemonic.
128:	LDA #188
"AllSuiteA.asm",128 : Invalid mnemonic.
129:	STA $20
"AllSuiteA.asm",129 : Invalid mnemonic.
130:	LDA #49
"AllSuiteA.asm",130 : Invalid mnemonic.
131:	STA $21
"AllSuiteA.asm",131 : Invalid mnemonic.
132:	LDA #23
"AllSuiteA.asm",132 : Invalid mnemonic.
133:	STA $22
"AllSuiteA.asm",133 : Invalid mnemonic.
134:	LDA $99
"AllSuiteA.asm",134 : Invalid mnemonic.
135:	AND $10,X
"AllSuiteA.asm",135 : Invalid mnemonic.
136:	ORA $11,X
"AllSuiteA.asm",136 : Invalid mnemonic.
137:	EOR $12,X
"AllSuiteA.asm",137 : Invalid mnemonic.
140:	STA $99
"AllSuiteA.asm",140 : Invalid mnemonic.
141:	LDA #111
"AllSuiteA.asm",141 : Invalid mnemonic.
142:	STA $0110
"AllSuiteA.asm",142 : Invalid mnemonic.
143:	LDA #60
"AllSuiteA.asm",143 : Invalid mnemonic.
144:	STA $0111
"AllSuiteA.asm",144 : Invalid mnemonic.
145:	LDA #39
"AllSuiteA.asm",145 : Invalid mnemonic.
146:	STA $0112
"AllSuiteA.asm",146 : Invalid mnemonic.
147:	LDA $99
"AllSuiteA.asm",147 : Invalid mnemonic.
148:	AND $0110
"AllSuiteA.asm",148 : Invalid mnemonic.
149:	ORA $0111
"AllSuiteA.asm",149 : Invalid mnemonic.
AS65 Assembler for R6502 [1.42].                                     Page    5
------------------------------- AllSuiteA.asm --------------------------------

150:	EOR $0112
"AllSuiteA.asm",150 : Invalid mnemonic.
153:	STA $99
"AllSuiteA.asm",153 : Invalid mnemonic.
154:	LDA #138
"AllSuiteA.asm",154 : Invalid mnemonic.
155:	STA $0120
"AllSuiteA.asm",155 : Invalid mnemonic.
156:	LDA #71
"AllSuiteA.asm",156 : Invalid mnemonic.
157:	STA $0121
"AllSuiteA.asm",157 : Invalid mnemonic.
158:	LDA #143
"AllSuiteA.asm",158 : Invalid mnemonic.
159:	STA $0122
"AllSuiteA.asm",159 : Invalid mnemonic.
160:	LDA $99
"AllSuiteA.asm",160 : Invalid mnemonic.
161:	AND $0110,X
"AllSuiteA.asm",161 : Invalid mnemonic.
162:	ORA $0111,X
"AllSuiteA.asm",162 : Invalid mnemonic.
163:	EOR $0112,X
"AllSuiteA.asm",163 : Invalid mnemonic.
166:	LDY #32
"AllSuiteA.asm",166 : Invalid mnemonic.
167:	STA $99
"AllSuiteA.asm",167 : Invalid mnemonic.
168:	LDA #115
"AllSuiteA.asm",168 : Invalid mnemonic.
169:	STA $0130
"AllSuiteA.asm",169 : Invalid mnemonic.
170:	LDA #42
"AllSuiteA.asm",170 : Invalid mnemonic.
171:	STA $0131
"AllSuiteA.asm",171 : Invalid mnemonic.
172:	LDA #241
"AllSuiteA.asm",172 : Invalid mnemonic.
173:	STA $0132
"AllSuiteA.asm",173 : Invalid mnemonic.
174:	LDA $99
"AllSuiteA.asm",174 : Invalid mnemonic.
175:	AND $0110,Y
"AllSuiteA.asm",175 : Invalid mnemonic.
176:	ORA $0111,Y
"AllSuiteA.asm",176 : Invalid mnemonic.
177:	EOR $0112,Y
"AllSuiteA.asm",177 : Invalid mnemonic.
180:	STA $99
"AllSuiteA.asm",180 : Invalid mnemonic.
181:	LDA #112
"AllSuiteA.asm",181 : Invalid mnemonic.
182:	STA $30
"AllSuiteA.asm",182 : Invalid mnemonic.
183:	LDA #$01
"AllSuiteA.asm",183 : Invalid mnemonic.
184:	STA $31
"AllSuiteA.asm",184 : Invalid mnemonic.
185:	LDA #113
"AllSuiteA.asm",185 : Invalid mnemonic.
186:	STA $32
"AllSuiteA.asm",186 : Invalid mnemonic.
AS65 Assembler for R6502 [1.42].                                     Page    6
------------------------------- AllSuiteA.asm --------------------------------

187:	LDA #$01
"AllSuiteA.asm",187 : Invalid mnemonic.
188:	STA $33
"AllSuiteA.asm",188 : Invalid mnemonic.
189:	LDA #114
"AllSuiteA.asm",189 : Invalid mnemonic.
190:	STA $34
"AllSuiteA.asm",190 : Invalid mnemonic.
191:        LDA #$01
"AllSuiteA.asm",191 : Invalid mnemonic.
192:        STA $35
"AllSuiteA.asm",192 : Invalid mnemonic.
193:	LDA #197
"AllSuiteA.asm",193 : Invalid mnemonic.
194:	STA $0170
"AllSuiteA.asm",194 : Invalid mnemonic.
195:	LDA #124
"AllSuiteA.asm",195 : Invalid mnemonic.
196:	STA $0171
"AllSuiteA.asm",196 : Invalid mnemonic.
197:	LDA #161
"AllSuiteA.asm",197 : Invalid mnemonic.
198:	STA $0172
"AllSuiteA.asm",198 : Invalid mnemonic.
199:	LDA $99
"AllSuiteA.asm",199 : Invalid mnemonic.
200:	AND ($20,X)
"AllSuiteA.asm",200 : Invalid mnemonic.
201:	ORA ($22,X)
"AllSuiteA.asm",201 : Invalid mnemonic.
202:	EOR ($24,X)
"AllSuiteA.asm",202 : Invalid mnemonic.
205:	STA $99
"AllSuiteA.asm",205 : Invalid mnemonic.
206:	LDA #96
"AllSuiteA.asm",206 : Invalid mnemonic.
207:	STA $40
"AllSuiteA.asm",207 : Invalid mnemonic.
208:	LDA #$01
"AllSuiteA.asm",208 : Invalid mnemonic.
209:	STA $41
"AllSuiteA.asm",209 : Invalid mnemonic.
210:	LDA #97
"AllSuiteA.asm",210 : Invalid mnemonic.
211:	STA $42
"AllSuiteA.asm",211 : Invalid mnemonic.
212:	LDA #$01
"AllSuiteA.asm",212 : Invalid mnemonic.
213:	STA $43
"AllSuiteA.asm",213 : Invalid mnemonic.
214:	LDA #98
"AllSuiteA.asm",214 : Invalid mnemonic.
215:	STA $44
"AllSuiteA.asm",215 : Invalid mnemonic.
216:	LDA #$01
"AllSuiteA.asm",216 : Invalid mnemonic.
217:	STA $45
"AllSuiteA.asm",217 : Invalid mnemonic.
218:	LDA #55
"AllSuiteA.asm",218 : Invalid mnemonic.
219:	STA $0250
"AllSuiteA.asm",219 : Invalid mnemonic.
AS65 Assembler for R6502 [1.42].                                     Page    7
------------------------------- AllSuiteA.asm --------------------------------

220:	LDA #35
"AllSuiteA.asm",220 : Invalid mnemonic.
221:	STA $0251
"AllSuiteA.asm",221 : Invalid mnemonic.
222:	LDA #157
"AllSuiteA.asm",222 : Invalid mnemonic.
223:	STA $0252
"AllSuiteA.asm",223 : Invalid mnemonic.
224:	LDA $99
"AllSuiteA.asm",224 : Invalid mnemonic.
225:	LDY #$F0
"AllSuiteA.asm",225 : Invalid mnemonic.
226:	AND ($40),Y
"AllSuiteA.asm",226 : Invalid mnemonic.
227:	ORA ($42),Y
"AllSuiteA.asm",227 : Invalid mnemonic.
228:	EOR ($44),Y
"AllSuiteA.asm",228 : Invalid mnemonic.
230:	STA $A9
"AllSuiteA.asm",230 : Invalid mnemonic.
233:	LDA $A9
"AllSuiteA.asm",233 : Invalid mnemonic.
234:	CMP $0201
"AllSuiteA.asm",234 : Invalid mnemonic.
235:	BEQ test02
"AllSuiteA.asm",235 : Invalid mnemonic.
236:	LDA #$01
"AllSuiteA.asm",236 : Invalid mnemonic.
237:	STA $0210
"AllSuiteA.asm",237 : Invalid mnemonic.
238:	JMP theend
"AllSuiteA.asm",238 : Invalid mnemonic.
243:	LDA #$FF
"AllSuiteA.asm",243 : Invalid mnemonic.
244:	LDX #$00
"AllSuiteA.asm",244 : Invalid mnemonic.
246:	STA $90
"AllSuiteA.asm",246 : Invalid mnemonic.
247:	INC $90
"AllSuiteA.asm",247 : Invalid mnemonic.
248:	INC $90
"AllSuiteA.asm",248 : Invalid mnemonic.
249:	LDA $90
"AllSuiteA.asm",249 : Invalid mnemonic.
250:	LDX $90
"AllSuiteA.asm",250 : Invalid mnemonic.
252:	STA $90,X
"AllSuiteA.asm",252 : Invalid mnemonic.
253:	INC $90,X
"AllSuiteA.asm",253 : Invalid mnemonic.
254:	LDA $90,X
"AllSuiteA.asm",254 : Invalid mnemonic.
255:	LDX $91
"AllSuiteA.asm",255 : Invalid mnemonic.
257:	STA $0190,X
"AllSuiteA.asm",257 : Invalid mnemonic.
258:	INC $0192
"AllSuiteA.asm",258 : Invalid mnemonic.
259:	LDA $0190,X
"AllSuiteA.asm",259 : Invalid mnemonic.
260:	LDX $0192
"AllSuiteA.asm",260 : Invalid mnemonic.
AS65 Assembler for R6502 [1.42].                                     Page    8
------------------------------- AllSuiteA.asm --------------------------------

262:	STA $0190,X
"AllSuiteA.asm",262 : Invalid mnemonic.
263:	INC $0190,X
"AllSuiteA.asm",263 : Invalid mnemonic.
264:	LDA $0190,X
"AllSuiteA.asm",264 : Invalid mnemonic.
265:	LDX $0193
"AllSuiteA.asm",265 : Invalid mnemonic.
267:	STA $0170,X
"AllSuiteA.asm",267 : Invalid mnemonic.
268:	DEC $0170,X
"AllSuiteA.asm",268 : Invalid mnemonic.
269:	LDA $0170,X
"AllSuiteA.asm",269 : Invalid mnemonic.
270:	LDX $0174
"AllSuiteA.asm",270 : Invalid mnemonic.
272:	STA $0170,X
"AllSuiteA.asm",272 : Invalid mnemonic.
273:	DEC $0173
"AllSuiteA.asm",273 : Invalid mnemonic.
274:	LDA $0170,X
"AllSuiteA.asm",274 : Invalid mnemonic.
275:	LDX $0173
"AllSuiteA.asm",275 : Invalid mnemonic.
277:	STA $70,X
"AllSuiteA.asm",277 : Invalid mnemonic.
278:	DEC $70,X
"AllSuiteA.asm",278 : Invalid mnemonic.
279:	LDA $70,X
"AllSuiteA.asm",279 : Invalid mnemonic.
280:	LDX $72
"AllSuiteA.asm",280 : Invalid mnemonic.
282:	STA $70,X
"AllSuiteA.asm",282 : Invalid mnemonic.
283:	DEC $71
"AllSuiteA.asm",283 : Invalid mnemonic.
284:	DEC $71
"AllSuiteA.asm",284 : Invalid mnemonic.
287:	LDA $71
"AllSuiteA.asm",287 : Invalid mnemonic.
288:	CMP $0202
"AllSuiteA.asm",288 : Invalid mnemonic.
289:	BEQ test03
"AllSuiteA.asm",289 : Invalid mnemonic.
290:	LDA #$02
"AllSuiteA.asm",290 : Invalid mnemonic.
291:	STA $0210
"AllSuiteA.asm",291 : Invalid mnemonic.
292:	JMP theend
"AllSuiteA.asm",292 : Invalid mnemonic.
297:	LDA #$4B
"AllSuiteA.asm",297 : Invalid mnemonic.
298:	LSR
"AllSuiteA.asm",298 : Invalid mnemonic.
299:	ASL
"AllSuiteA.asm",299 : Invalid mnemonic.
301:	STA $50
"AllSuiteA.asm",301 : Invalid mnemonic.
302:	ASL $50
"AllSuiteA.asm",302 : Invalid mnemonic.
303:	ASL $50
"AllSuiteA.asm",303 : Invalid mnemonic.
AS65 Assembler for R6502 [1.42].                                     Page    9
------------------------------- AllSuiteA.asm --------------------------------

304:	LSR $50
"AllSuiteA.asm",304 : Invalid mnemonic.
305:	LDA $50
"AllSuiteA.asm",305 : Invalid mnemonic.
307:	LDX $50
"AllSuiteA.asm",307 : Invalid mnemonic.
308:	ORA #$C9
"AllSuiteA.asm",308 : Invalid mnemonic.
309:	STA $60
"AllSuiteA.asm",309 : Invalid mnemonic.
310:	ASL $4C,X
"AllSuiteA.asm",310 : Invalid mnemonic.
311:	LSR $4C,X
"AllSuiteA.asm",311 : Invalid mnemonic.
312:	LSR $4C,X
"AllSuiteA.asm",312 : Invalid mnemonic.
313:	LDA $4C,X
"AllSuiteA.asm",313 : Invalid mnemonic.
315:	LDX $60
"AllSuiteA.asm",315 : Invalid mnemonic.
316:	ORA #$41
"AllSuiteA.asm",316 : Invalid mnemonic.
317:	STA $012E
"AllSuiteA.asm",317 : Invalid mnemonic.
318:	LSR $0100,X
"AllSuiteA.asm",318 : Invalid mnemonic.
319:	LSR $0100,X
"AllSuiteA.asm",319 : Invalid mnemonic.
320:	ASL $0100,X
"AllSuiteA.asm",320 : Invalid mnemonic.
321:	LDA $0100,X
"AllSuiteA.asm",321 : Invalid mnemonic.
323:	LDX $012E
"AllSuiteA.asm",323 : Invalid mnemonic.
324:	ORA #$81
"AllSuiteA.asm",324 : Invalid mnemonic.
325:	STA $0100,X
"AllSuiteA.asm",325 : Invalid mnemonic.
326:	LSR $0136
"AllSuiteA.asm",326 : Invalid mnemonic.
327:	LSR $0136
"AllSuiteA.asm",327 : Invalid mnemonic.
328:	ASL $0136
"AllSuiteA.asm",328 : Invalid mnemonic.
329:	LDA $0100,X
"AllSuiteA.asm",329 : Invalid mnemonic.
333:	ROL
"AllSuiteA.asm",333 : Invalid mnemonic.
334:	ROL
"AllSuiteA.asm",334 : Invalid mnemonic.
335:	ROR
"AllSuiteA.asm",335 : Invalid mnemonic.
336:	STA $70
"AllSuiteA.asm",336 : Invalid mnemonic.
338:	LDX $70
"AllSuiteA.asm",338 : Invalid mnemonic.
339:	ORA #$03
"AllSuiteA.asm",339 : Invalid mnemonic.
340:	STA $0C,X
"AllSuiteA.asm",340 : Invalid mnemonic.
341:	ROL $C0
"AllSuiteA.asm",341 : Invalid mnemonic.
AS65 Assembler for R6502 [1.42].                                     Page   10
------------------------------- AllSuiteA.asm --------------------------------

342:	ROR $C0
"AllSuiteA.asm",342 : Invalid mnemonic.
343:	ROR $C0
"AllSuiteA.asm",343 : Invalid mnemonic.
344:	LDA $0C,X
"AllSuiteA.asm",344 : Invalid mnemonic.
346:	LDX $C0
"AllSuiteA.asm",346 : Invalid mnemonic.
347:	STA $D0
"AllSuiteA.asm",347 : Invalid mnemonic.
348:	ROL $75,X
"AllSuiteA.asm",348 : Invalid mnemonic.
349:	ROL $75,X
"AllSuiteA.asm",349 : Invalid mnemonic.
350:	ROR $75,X
"AllSuiteA.asm",350 : Invalid mnemonic.
351:	LDA $D0
"AllSuiteA.asm",351 : Invalid mnemonic.
353:	LDX $D0
"AllSuiteA.asm",353 : Invalid mnemonic.
354:	STA $0100,X
"AllSuiteA.asm",354 : Invalid mnemonic.
355:	ROL $01B7
"AllSuiteA.asm",355 : Invalid mnemonic.
356:	ROL $01B7
"AllSuiteA.asm",356 : Invalid mnemonic.
357:	ROL $01B7
"AllSuiteA.asm",357 : Invalid mnemonic.
358:	ROR $01B7
"AllSuiteA.asm",358 : Invalid mnemonic.
359:	LDA $0100,X
"AllSuiteA.asm",359 : Invalid mnemonic.
361:	LDX $01B7
"AllSuiteA.asm",361 : Invalid mnemonic.
362:	STA $01DD
"AllSuiteA.asm",362 : Invalid mnemonic.
363:	ROL $0100,X
"AllSuiteA.asm",363 : Invalid mnemonic.
364:	ROR $0100,X
"AllSuiteA.asm",364 : Invalid mnemonic.
365:	ROR $0100,X
"AllSuiteA.asm",365 : Invalid mnemonic.
368:	LDA $01DD
"AllSuiteA.asm",368 : Invalid mnemonic.
369:	CMP $0203
"AllSuiteA.asm",369 : Invalid mnemonic.
370:	BEQ test04
"AllSuiteA.asm",370 : Invalid mnemonic.
371:	LDA #$03
"AllSuiteA.asm",371 : Invalid mnemonic.
372:	STA $0210
"AllSuiteA.asm",372 : Invalid mnemonic.
373:	JMP theend
"AllSuiteA.asm",373 : Invalid mnemonic.
378:	LDA #$E8 ;originally:#$7C
"AllSuiteA.asm",378 : Invalid mnemonic.
379:	STA $20
"AllSuiteA.asm",379 : Invalid mnemonic.
380:	LDA #$42 ;originally:#$02
"AllSuiteA.asm",380 : Invalid mnemonic.
381:	STA $21
"AllSuiteA.asm",381 : Invalid mnemonic.
AS65 Assembler for R6502 [1.42].                                     Page   11
------------------------------- AllSuiteA.asm --------------------------------

382:	LDA #$00
"AllSuiteA.asm",382 : Invalid mnemonic.
383:	ORA #$03
"AllSuiteA.asm",383 : Invalid mnemonic.
384:	JMP jump1
"AllSuiteA.asm",384 : Invalid mnemonic.
385:	ORA #$FF ; not done
"AllSuiteA.asm",385 : Invalid mnemonic.
387:	ORA #$30
"AllSuiteA.asm",387 : Invalid mnemonic.
388:	JSR subr
"AllSuiteA.asm",388 : Invalid mnemonic.
389:	ORA #$42
"AllSuiteA.asm",389 : Invalid mnemonic.
390:	JMP ($0020)
"AllSuiteA.asm",390 : Invalid mnemonic.
391:	ORA #$FF ; not done
"AllSuiteA.asm",391 : Invalid mnemonic.
393:	STA $30
"AllSuiteA.asm",393 : Invalid mnemonic.
394:	LDX $30
"AllSuiteA.asm",394 : Invalid mnemonic.
395:	LDA #$00
"AllSuiteA.asm",395 : Invalid mnemonic.
396:	RTS
"AllSuiteA.asm",396 : Invalid mnemonic.
398:	STA $0D,X
"AllSuiteA.asm",398 : Invalid mnemonic.
401:	LDA $40
"AllSuiteA.asm",401 : Invalid mnemonic.
402:	CMP $0204
"AllSuiteA.asm",402 : Invalid mnemonic.
403:	BEQ test05
"AllSuiteA.asm",403 : Invalid mnemonic.
404:	LDA #$04
"AllSuiteA.asm",404 : Invalid mnemonic.
405:	STA $0210
"AllSuiteA.asm",405 : Invalid mnemonic.
406:	JMP theend
"AllSuiteA.asm",406 : Invalid mnemonic.
411:	LDA #$35
"AllSuiteA.asm",411 : Invalid mnemonic.
413:	TAX
"AllSuiteA.asm",413 : Invalid mnemonic.
414:	DEX
"AllSuiteA.asm",414 : Invalid mnemonic.
415:	DEX
"AllSuiteA.asm",415 : Invalid mnemonic.
416:	INX
"AllSuiteA.asm",416 : Invalid mnemonic.
417:	TXA
"AllSuiteA.asm",417 : Invalid mnemonic.
419:	TAY
"AllSuiteA.asm",419 : Invalid mnemonic.
420:	DEY
"AllSuiteA.asm",420 : Invalid mnemonic.
421:	DEY
"AllSuiteA.asm",421 : Invalid mnemonic.
422:	INY
"AllSuiteA.asm",422 : Invalid mnemonic.
423:	TYA
"AllSuiteA.asm",423 : Invalid mnemonic.
AS65 Assembler for R6502 [1.42].                                     Page   12
------------------------------- AllSuiteA.asm --------------------------------

425:	TAX
"AllSuiteA.asm",425 : Invalid mnemonic.
426:	LDA #$20
"AllSuiteA.asm",426 : Invalid mnemonic.
427:	TXS
"AllSuiteA.asm",427 : Invalid mnemonic.
428:	LDX #$10
"AllSuiteA.asm",428 : Invalid mnemonic.
429:	TSX
"AllSuiteA.asm",429 : Invalid mnemonic.
430:	TXA
"AllSuiteA.asm",430 : Invalid mnemonic.
432:	STA $40
"AllSuiteA.asm",432 : Invalid mnemonic.
435:	LDA $40
"AllSuiteA.asm",435 : Invalid mnemonic.
436:	CMP $0205
"AllSuiteA.asm",436 : Invalid mnemonic.
437:	BEQ test06
"AllSuiteA.asm",437 : Invalid mnemonic.
438:	LDA #$05
"AllSuiteA.asm",438 : Invalid mnemonic.
439:	STA $0210
"AllSuiteA.asm",439 : Invalid mnemonic.
440:	JMP theend
"AllSuiteA.asm",440 : Invalid mnemonic.
447:	ROL
"AllSuiteA.asm",447 : Invalid mnemonic.
449:	LDA #$6A
"AllSuiteA.asm",449 : Invalid mnemonic.
450:	STA $50
"AllSuiteA.asm",450 : Invalid mnemonic.
451:	LDA #$6B
"AllSuiteA.asm",451 : Invalid mnemonic.
452:	STA $51
"AllSuiteA.asm",452 : Invalid mnemonic.
453:	LDA #$A1
"AllSuiteA.asm",453 : Invalid mnemonic.
454:	STA $60
"AllSuiteA.asm",454 : Invalid mnemonic.
455:	LDA #$A2
"AllSuiteA.asm",455 : Invalid mnemonic.
456:	STA $61
"AllSuiteA.asm",456 : Invalid mnemonic.
458:	LDA #$FF
"AllSuiteA.asm",458 : Invalid mnemonic.
459:	ADC #$FF
"AllSuiteA.asm",459 : Invalid mnemonic.
460:	ADC #$FF
"AllSuiteA.asm",460 : Invalid mnemonic.
461:	SBC #$AE
"AllSuiteA.asm",461 : Invalid mnemonic.
463:	STA $40
"AllSuiteA.asm",463 : Invalid mnemonic.
464:	LDX $40
"AllSuiteA.asm",464 : Invalid mnemonic.
465:	ADC $00,X
"AllSuiteA.asm",465 : Invalid mnemonic.
466:	SBC $01,X
"AllSuiteA.asm",466 : Invalid mnemonic.
468:	ADC $60
"AllSuiteA.asm",468 : Invalid mnemonic.
AS65 Assembler for R6502 [1.42].                                     Page   13
------------------------------- AllSuiteA.asm --------------------------------

469:	SBC $61
"AllSuiteA.asm",469 : Invalid mnemonic.
471:	STA $0120
"AllSuiteA.asm",471 : Invalid mnemonic.
472:	LDA #$4D
"AllSuiteA.asm",472 : Invalid mnemonic.
473:	STA $0121
"AllSuiteA.asm",473 : Invalid mnemonic.
474:	LDA #$23
"AllSuiteA.asm",474 : Invalid mnemonic.
475:	ADC $0120
"AllSuiteA.asm",475 : Invalid mnemonic.
476:	SBC $0121
"AllSuiteA.asm",476 : Invalid mnemonic.
478:	STA $F0
"AllSuiteA.asm",478 : Invalid mnemonic.
479:	LDX $F0
"AllSuiteA.asm",479 : Invalid mnemonic.
480:	LDA #$64
"AllSuiteA.asm",480 : Invalid mnemonic.
481:	STA $0124
"AllSuiteA.asm",481 : Invalid mnemonic.
482:	LDA #$62
"AllSuiteA.asm",482 : Invalid mnemonic.
483:	STA $0125
"AllSuiteA.asm",483 : Invalid mnemonic.
484:	LDA #$26
"AllSuiteA.asm",484 : Invalid mnemonic.
485:	ADC $0100,X
"AllSuiteA.asm",485 : Invalid mnemonic.
486:	SBC $0101,X
"AllSuiteA.asm",486 : Invalid mnemonic.
488:	STA $F1
"AllSuiteA.asm",488 : Invalid mnemonic.
489:	LDY $F1
"AllSuiteA.asm",489 : Invalid mnemonic.
490:	LDA #$E5
"AllSuiteA.asm",490 : Invalid mnemonic.
491:	STA $0128
"AllSuiteA.asm",491 : Invalid mnemonic.
492:	LDA #$E9
"AllSuiteA.asm",492 : Invalid mnemonic.
493:	STA $0129
"AllSuiteA.asm",493 : Invalid mnemonic.
494:	LDA #$34
"AllSuiteA.asm",494 : Invalid mnemonic.
495:	ADC $0100,Y
"AllSuiteA.asm",495 : Invalid mnemonic.
496:	SBC $0101,Y
"AllSuiteA.asm",496 : Invalid mnemonic.
498:	STA $F2
"AllSuiteA.asm",498 : Invalid mnemonic.
499:	LDX $F2
"AllSuiteA.asm",499 : Invalid mnemonic.
500:	LDA #$20
"AllSuiteA.asm",500 : Invalid mnemonic.
501:	STA $70
"AllSuiteA.asm",501 : Invalid mnemonic.
502:	LDA #$01
"AllSuiteA.asm",502 : Invalid mnemonic.
503:	STA $71
"AllSuiteA.asm",503 : Invalid mnemonic.
AS65 Assembler for R6502 [1.42].                                     Page   14
------------------------------- AllSuiteA.asm --------------------------------

504:	LDA #$24
"AllSuiteA.asm",504 : Invalid mnemonic.
505:	STA $72
"AllSuiteA.asm",505 : Invalid mnemonic.
506:	LDA #$01
"AllSuiteA.asm",506 : Invalid mnemonic.
507:	STA $73
"AllSuiteA.asm",507 : Invalid mnemonic.
508:	ADC ($41,X)
"AllSuiteA.asm",508 : Invalid mnemonic.
509:	SBC ($3F,X)
"AllSuiteA.asm",509 : Invalid mnemonic.
511:	STA $F3
"AllSuiteA.asm",511 : Invalid mnemonic.
512:	LDY $F3
"AllSuiteA.asm",512 : Invalid mnemonic.
513:	LDA #$DA
"AllSuiteA.asm",513 : Invalid mnemonic.
514:	STA $80
"AllSuiteA.asm",514 : Invalid mnemonic.
515:	LDA #$00
"AllSuiteA.asm",515 : Invalid mnemonic.
516:	STA $81
"AllSuiteA.asm",516 : Invalid mnemonic.
517:	LDA #$DC
"AllSuiteA.asm",517 : Invalid mnemonic.
518:	STA $82
"AllSuiteA.asm",518 : Invalid mnemonic.
519:	LDA #$00
"AllSuiteA.asm",519 : Invalid mnemonic.
520:	STA $83
"AllSuiteA.asm",520 : Invalid mnemonic.
521:	LDA #$AA
"AllSuiteA.asm",521 : Invalid mnemonic.
522:	ADC ($80),Y
"AllSuiteA.asm",522 : Invalid mnemonic.
523:	SBC ($82),Y
"AllSuiteA.asm",523 : Invalid mnemonic.
524:	STA $30
"AllSuiteA.asm",524 : Invalid mnemonic.
527:	LDA $30
"AllSuiteA.asm",527 : Invalid mnemonic.
528:	CMP $0206
"AllSuiteA.asm",528 : Invalid mnemonic.
529:	BEQ test07
"AllSuiteA.asm",529 : Invalid mnemonic.
530:	LDA #$06
"AllSuiteA.asm",530 : Invalid mnemonic.
531:	STA $0210
"AllSuiteA.asm",531 : Invalid mnemonic.
532:	JMP theend
"AllSuiteA.asm",532 : Invalid mnemonic.
538:	LDA #$00
"AllSuiteA.asm",538 : Invalid mnemonic.
539:	STA $34
"AllSuiteA.asm",539 : Invalid mnemonic.
540:	LDA #$FF
"AllSuiteA.asm",540 : Invalid mnemonic.
541:	STA $0130
"AllSuiteA.asm",541 : Invalid mnemonic.
542:	LDA #$99
"AllSuiteA.asm",542 : Invalid mnemonic.
AS65 Assembler for R6502 [1.42].                                     Page   15
------------------------------- AllSuiteA.asm --------------------------------

543:	STA $019D
"AllSuiteA.asm",543 : Invalid mnemonic.
544:	LDA #$DB
"AllSuiteA.asm",544 : Invalid mnemonic.
545:	STA $0199
"AllSuiteA.asm",545 : Invalid mnemonic.
546:	LDA #$2F
"AllSuiteA.asm",546 : Invalid mnemonic.
547:	STA $32
"AllSuiteA.asm",547 : Invalid mnemonic.
548:	LDA #$32
"AllSuiteA.asm",548 : Invalid mnemonic.
549:	STA $4F
"AllSuiteA.asm",549 : Invalid mnemonic.
550:	LDA #$30
"AllSuiteA.asm",550 : Invalid mnemonic.
551:	STA $33
"AllSuiteA.asm",551 : Invalid mnemonic.
552:	LDA #$70
"AllSuiteA.asm",552 : Invalid mnemonic.
553:	STA $AF
"AllSuiteA.asm",553 : Invalid mnemonic.
554:	LDA #$18
"AllSuiteA.asm",554 : Invalid mnemonic.
555:	STA $30
"AllSuiteA.asm",555 : Invalid mnemonic.
558:	CMP #$18
"AllSuiteA.asm",558 : Invalid mnemonic.
559:	BEQ beq1 ; taken
"AllSuiteA.asm",559 : Invalid mnemonic.
560:	AND #$00 ; not done
"AllSuiteA.asm",560 : Invalid mnemonic.
563:	ORA #$01
"AllSuiteA.asm",563 : Invalid mnemonic.
564:	CMP $30
"AllSuiteA.asm",564 : Invalid mnemonic.
565:	BNE bne1 ; taken
"AllSuiteA.asm",565 : Invalid mnemonic.
566:	AND #$00 ; not done
"AllSuiteA.asm",566 : Invalid mnemonic.
569:	LDX #$00
"AllSuiteA.asm",569 : Invalid mnemonic.
570:	CMP $0130
"AllSuiteA.asm",570 : Invalid mnemonic.
571:	BEQ beq2 ; not taken
"AllSuiteA.asm",571 : Invalid mnemonic.
572:	STA $40
"AllSuiteA.asm",572 : Invalid mnemonic.
573:	LDX $40
"AllSuiteA.asm",573 : Invalid mnemonic.
576:	CMP $27,X
"AllSuiteA.asm",576 : Invalid mnemonic.
577:	BNE bne2 ; not taken
"AllSuiteA.asm",577 : Invalid mnemonic.
578:	ORA #$84
"AllSuiteA.asm",578 : Invalid mnemonic.
579:	STA $41
"AllSuiteA.asm",579 : Invalid mnemonic.
580:	LDX $41
"AllSuiteA.asm",580 : Invalid mnemonic.
583:	AND #$DB
"AllSuiteA.asm",583 : Invalid mnemonic.
AS65 Assembler for R6502 [1.42].                                     Page   16
------------------------------- AllSuiteA.asm --------------------------------

584:	CMP $0100,X
"AllSuiteA.asm",584 : Invalid mnemonic.
585:	BEQ beq3 ; taken
"AllSuiteA.asm",585 : Invalid mnemonic.
586:	AND #$00 ; not done
"AllSuiteA.asm",586 : Invalid mnemonic.
589:	STA $42
"AllSuiteA.asm",589 : Invalid mnemonic.
590:	LDY $42
"AllSuiteA.asm",590 : Invalid mnemonic.
591:	AND #$00
"AllSuiteA.asm",591 : Invalid mnemonic.
592:	CMP $0100,Y
"AllSuiteA.asm",592 : Invalid mnemonic.
593:	BNE bne3 ; taken
"AllSuiteA.asm",593 : Invalid mnemonic.
594:	ORA #$0F ; not done
"AllSuiteA.asm",594 : Invalid mnemonic.
597:	STA $43
"AllSuiteA.asm",597 : Invalid mnemonic.
598:	LDX $43
"AllSuiteA.asm",598 : Invalid mnemonic.
599:	ORA #$24
"AllSuiteA.asm",599 : Invalid mnemonic.
600:	CMP ($40,X)
"AllSuiteA.asm",600 : Invalid mnemonic.
601:	BEQ beq4 ; not taken
"AllSuiteA.asm",601 : Invalid mnemonic.
602:	ORA #$7F
"AllSuiteA.asm",602 : Invalid mnemonic.
605:	STA $44
"AllSuiteA.asm",605 : Invalid mnemonic.
606:	LDY $44 
"AllSuiteA.asm",606 : Invalid mnemonic.
607:	EOR #$0F
"AllSuiteA.asm",607 : Invalid mnemonic.
608:	CMP ($33),Y
"AllSuiteA.asm",608 : Invalid mnemonic.
609:	BNE bne4 ; not taken
"AllSuiteA.asm",609 : Invalid mnemonic.
610:	LDA $44
"AllSuiteA.asm",610 : Invalid mnemonic.
611:	STA $15
"AllSuiteA.asm",611 : Invalid mnemonic.
615:	LDA $15
"AllSuiteA.asm",615 : Invalid mnemonic.
616:	CMP $0207
"AllSuiteA.asm",616 : Invalid mnemonic.
617:	BEQ test08
"AllSuiteA.asm",617 : Invalid mnemonic.
618:	LDA #$07
"AllSuiteA.asm",618 : Invalid mnemonic.
619:	STA $0210
"AllSuiteA.asm",619 : Invalid mnemonic.
620:	JMP theend
"AllSuiteA.asm",620 : Invalid mnemonic.
626:	LDA #$A5
"AllSuiteA.asm",626 : Invalid mnemonic.
627:	STA $20
"AllSuiteA.asm",627 : Invalid mnemonic.
628:	STA $0120
"AllSuiteA.asm",628 : Invalid mnemonic.
AS65 Assembler for R6502 [1.42].                                     Page   17
------------------------------- AllSuiteA.asm --------------------------------

629:	LDA #$5A
"AllSuiteA.asm",629 : Invalid mnemonic.
630:	STA $21
"AllSuiteA.asm",630 : Invalid mnemonic.
633:	LDX #$A5
"AllSuiteA.asm",633 : Invalid mnemonic.
634:	CPX #$A5
"AllSuiteA.asm",634 : Invalid mnemonic.
635:	BEQ b1 ; taken
"AllSuiteA.asm",635 : Invalid mnemonic.
636:	LDX #$01 ; not done
"AllSuiteA.asm",636 : Invalid mnemonic.
639:	CPX $20
"AllSuiteA.asm",639 : Invalid mnemonic.
640:	BEQ b2 ; taken
"AllSuiteA.asm",640 : Invalid mnemonic.
641:	LDX #$02 ; not done
"AllSuiteA.asm",641 : Invalid mnemonic.
644:	CPX $0120
"AllSuiteA.asm",644 : Invalid mnemonic.
645:	BEQ b3 ; taken
"AllSuiteA.asm",645 : Invalid mnemonic.
646:	LDX #$03 ; not done
"AllSuiteA.asm",646 : Invalid mnemonic.
649:	STX $30
"AllSuiteA.asm",649 : Invalid mnemonic.
650:	LDY $30
"AllSuiteA.asm",650 : Invalid mnemonic.
651:	CPY #$A5
"AllSuiteA.asm",651 : Invalid mnemonic.
652:	BEQ b4 ; taken
"AllSuiteA.asm",652 : Invalid mnemonic.
653:	LDY #$04 ; not done
"AllSuiteA.asm",653 : Invalid mnemonic.
656:	CPY $20
"AllSuiteA.asm",656 : Invalid mnemonic.
657:	BEQ b5 ; taken
"AllSuiteA.asm",657 : Invalid mnemonic.
658:	LDY #$05 ; not done
"AllSuiteA.asm",658 : Invalid mnemonic.
661:	CPY $0120
"AllSuiteA.asm",661 : Invalid mnemonic.
662:	BEQ b6 ; taken
"AllSuiteA.asm",662 : Invalid mnemonic.
663:	LDY #$06 ; not done
"AllSuiteA.asm",663 : Invalid mnemonic.
666:	STY $31
"AllSuiteA.asm",666 : Invalid mnemonic.
667:	LDA $31
"AllSuiteA.asm",667 : Invalid mnemonic.
668:	BIT $20
"AllSuiteA.asm",668 : Invalid mnemonic.
669:	BNE b7 ; taken
"AllSuiteA.asm",669 : Invalid mnemonic.
670:	LDA #$07 ; not done
"AllSuiteA.asm",670 : Invalid mnemonic.
673:	BIT $0120
"AllSuiteA.asm",673 : Invalid mnemonic.
674:	BNE b8 ; taken
"AllSuiteA.asm",674 : Invalid mnemonic.
675:	LDA #$08 ; not done
"AllSuiteA.asm",675 : Invalid mnemonic.
AS65 Assembler for R6502 [1.42].                                     Page   18
------------------------------- AllSuiteA.asm --------------------------------

677:	BIT $21
"AllSuiteA.asm",677 : Invalid mnemonic.
678:	BNE b9 ; not taken
"AllSuiteA.asm",678 : Invalid mnemonic.
679:	STA $42	
"AllSuiteA.asm",679 : Invalid mnemonic.
683:	LDA $42
"AllSuiteA.asm",683 : Invalid mnemonic.
684:	CMP $0208
"AllSuiteA.asm",684 : Invalid mnemonic.
685:	BEQ test09
"AllSuiteA.asm",685 : Invalid mnemonic.
686:	LDA #$08
"AllSuiteA.asm",686 : Invalid mnemonic.
687:	STA $0210
"AllSuiteA.asm",687 : Invalid mnemonic.
688:	JMP theend
"AllSuiteA.asm",688 : Invalid mnemonic.
694:	LDA #$54
"AllSuiteA.asm",694 : Invalid mnemonic.
695:	STA $32
"AllSuiteA.asm",695 : Invalid mnemonic.
696:	LDA #$B3
"AllSuiteA.asm",696 : Invalid mnemonic.
697:	STA $A1
"AllSuiteA.asm",697 : Invalid mnemonic.
698:	LDA #$87
"AllSuiteA.asm",698 : Invalid mnemonic.
699:	STA $43
"AllSuiteA.asm",699 : Invalid mnemonic.
702:	LDX #$A1
"AllSuiteA.asm",702 : Invalid mnemonic.
703:	BPL bpl1 ; not taken
"AllSuiteA.asm",703 : Invalid mnemonic.
704:	LDX #$32
"AllSuiteA.asm",704 : Invalid mnemonic.
706:	LDY $00,X
"AllSuiteA.asm",706 : Invalid mnemonic.
707:	BPL bpl2 ; taken
"AllSuiteA.asm",707 : Invalid mnemonic.
708:	LDA #$05 ; not done
"AllSuiteA.asm",708 : Invalid mnemonic.
709:	LDX $A1 ; not done
"AllSuiteA.asm",709 : Invalid mnemonic.
713:	BMI bmi1 ; not taken
"AllSuiteA.asm",713 : Invalid mnemonic.
714:	SBC #$03
"AllSuiteA.asm",714 : Invalid mnemonic.
716:	BMI bmi2 ; taken
"AllSuiteA.asm",716 : Invalid mnemonic.
717:	LDA #$41 ; not done
"AllSuiteA.asm",717 : Invalid mnemonic.
721:	EOR #$30
"AllSuiteA.asm",721 : Invalid mnemonic.
722:	STA $32
"AllSuiteA.asm",722 : Invalid mnemonic.
723:	ADC $00,X
"AllSuiteA.asm",723 : Invalid mnemonic.
724:	BVC bvc1 ; not taken
"AllSuiteA.asm",724 : Invalid mnemonic.
725:	LDA #$03
"AllSuiteA.asm",725 : Invalid mnemonic.
AS65 Assembler for R6502 [1.42].                                     Page   19
------------------------------- AllSuiteA.asm --------------------------------

727:	STA $54
"AllSuiteA.asm",727 : Invalid mnemonic.
728:	LDX $00,Y
"AllSuiteA.asm",728 : Invalid mnemonic.
729:	ADC $51,X
"AllSuiteA.asm",729 : Invalid mnemonic.
730:	BVC bvc2 ; taken
"AllSuiteA.asm",730 : Invalid mnemonic.
731:	LDA #$E5 ; not done
"AllSuiteA.asm",731 : Invalid mnemonic.
735:	ADC $40,X
"AllSuiteA.asm",735 : Invalid mnemonic.
736:	BVS bvs1 ; not taken
"AllSuiteA.asm",736 : Invalid mnemonic.
737:	STA $0001,Y
"AllSuiteA.asm",737 : Invalid mnemonic.
738:	ADC $55
"AllSuiteA.asm",738 : Invalid mnemonic.
740:	BVS bvs2 ; taken
"AllSuiteA.asm",740 : Invalid mnemonic.
741:	LDA #$00
"AllSuiteA.asm",741 : Invalid mnemonic.
745:	ADC #$F0
"AllSuiteA.asm",745 : Invalid mnemonic.
746:	BCC bcc1 ; not taken
"AllSuiteA.asm",746 : Invalid mnemonic.
747:	STA $60
"AllSuiteA.asm",747 : Invalid mnemonic.
748:	ADC $43
"AllSuiteA.asm",748 : Invalid mnemonic.
750:	BCC bcc2 ; taken
"AllSuiteA.asm",750 : Invalid mnemonic.
751:	LDA #$FF
"AllSuiteA.asm",751 : Invalid mnemonic.
755:	ADC $54
"AllSuiteA.asm",755 : Invalid mnemonic.
756:	BCS bcs1 ; not taken
"AllSuiteA.asm",756 : Invalid mnemonic.
757:	ADC #$87
"AllSuiteA.asm",757 : Invalid mnemonic.
758:	LDX $60
"AllSuiteA.asm",758 : Invalid mnemonic.
760:	BCS bcs2 ; taken
"AllSuiteA.asm",760 : Invalid mnemonic.
761:	LDA #$00 ; not done
"AllSuiteA.asm",761 : Invalid mnemonic.
763:	STA $73,X
"AllSuiteA.asm",763 : Invalid mnemonic.
766:	LDA $80
"AllSuiteA.asm",766 : Invalid mnemonic.
767:	CMP $0209
"AllSuiteA.asm",767 : Invalid mnemonic.
768:	BEQ test10
"AllSuiteA.asm",768 : Invalid mnemonic.
769:	LDA #$09
"AllSuiteA.asm",769 : Invalid mnemonic.
770:	STA $0210
"AllSuiteA.asm",770 : Invalid mnemonic.
771:	JMP theend
"AllSuiteA.asm",771 : Invalid mnemonic.
778:	ADC #$00
"AllSuiteA.asm",778 : Invalid mnemonic.
AS65 Assembler for R6502 [1.42].                                     Page   20
------------------------------- AllSuiteA.asm --------------------------------

780:	LDA #$99
"AllSuiteA.asm",780 : Invalid mnemonic.
781:	ADC #$87
"AllSuiteA.asm",781 : Invalid mnemonic.
782:	CLC
"AllSuiteA.asm",782 : Invalid mnemonic.
783:	NOP
"AllSuiteA.asm",783 : Invalid mnemonic.
784:	BCC t10bcc1 ; taken
"AllSuiteA.asm",784 : Invalid mnemonic.
785:	ADC #$60 ; not done
"AllSuiteA.asm",785 : Invalid mnemonic.
786:	ADC #$93 ; not done
"AllSuiteA.asm",786 : Invalid mnemonic.
788:	SEC
"AllSuiteA.asm",788 : Invalid mnemonic.
789:	NOP
"AllSuiteA.asm",789 : Invalid mnemonic.
790:	BCC t10bcc2 ; not taken
"AllSuiteA.asm",790 : Invalid mnemonic.
791:	CLV
"AllSuiteA.asm",791 : Invalid mnemonic.
793:	BVC t10bvc1 ; taken
"AllSuiteA.asm",793 : Invalid mnemonic.
794:	LDA #$00 ; not done
"AllSuiteA.asm",794 : Invalid mnemonic.
796:	ADC #$AD
"AllSuiteA.asm",796 : Invalid mnemonic.
797:	NOP
"AllSuiteA.asm",797 : Invalid mnemonic.
798:	STA $30
"AllSuiteA.asm",798 : Invalid mnemonic.
801:	LDA $30
"AllSuiteA.asm",801 : Invalid mnemonic.
802:	CMP $020A
"AllSuiteA.asm",802 : Invalid mnemonic.
803:	BEQ test11
"AllSuiteA.asm",803 : Invalid mnemonic.
804:	LDA #$0A
"AllSuiteA.asm",804 : Invalid mnemonic.
805:	STA $0210
"AllSuiteA.asm",805 : Invalid mnemonic.
806:	JMP theend
"AllSuiteA.asm",806 : Invalid mnemonic.
813:	ADC #$01
"AllSuiteA.asm",813 : Invalid mnemonic.
815:	LDA #$27
"AllSuiteA.asm",815 : Invalid mnemonic.
816:	ADC #$01
"AllSuiteA.asm",816 : Invalid mnemonic.
817:	SEC
"AllSuiteA.asm",817 : Invalid mnemonic.
818:	PHP
"AllSuiteA.asm",818 : Invalid mnemonic.
819:	CLC
"AllSuiteA.asm",819 : Invalid mnemonic.
820:	PLP
"AllSuiteA.asm",820 : Invalid mnemonic.
821:	ADC #$00
"AllSuiteA.asm",821 : Invalid mnemonic.
822:	PHA
"AllSuiteA.asm",822 : Invalid mnemonic.
AS65 Assembler for R6502 [1.42].                                     Page   21
------------------------------- AllSuiteA.asm --------------------------------

823:	LDA #$00
"AllSuiteA.asm",823 : Invalid mnemonic.
824:	PLA
"AllSuiteA.asm",824 : Invalid mnemonic.
825:	STA $30
"AllSuiteA.asm",825 : Invalid mnemonic.
828:	LDA $30
"AllSuiteA.asm",828 : Invalid mnemonic.
829:	CMP $020B
"AllSuiteA.asm",829 : Invalid mnemonic.
830:	BEQ test12
"AllSuiteA.asm",830 : Invalid mnemonic.
831:	LDA #$0B
"AllSuiteA.asm",831 : Invalid mnemonic.
832:	STA $0210
"AllSuiteA.asm",832 : Invalid mnemonic.
833:	JMP theend
"AllSuiteA.asm",833 : Invalid mnemonic.
838:	CLC
"AllSuiteA.asm",838 : Invalid mnemonic.
839:	LDA #$42
"AllSuiteA.asm",839 : Invalid mnemonic.
840:	BCC runstuff
"AllSuiteA.asm",840 : Invalid mnemonic.
841:	STA $33
"AllSuiteA.asm",841 : Invalid mnemonic.
842:	BCS t12end
"AllSuiteA.asm",842 : Invalid mnemonic.
844:	LDA #$45
"AllSuiteA.asm",844 : Invalid mnemonic.
845:	PHA
"AllSuiteA.asm",845 : Invalid mnemonic.
846:	LDA #$61
"AllSuiteA.asm",846 : Invalid mnemonic.
847:	PHA
"AllSuiteA.asm",847 : Invalid mnemonic.
848:	SEC
"AllSuiteA.asm",848 : Invalid mnemonic.
849:	PHP
"AllSuiteA.asm",849 : Invalid mnemonic.
850:	CLC
"AllSuiteA.asm",850 : Invalid mnemonic.
851:	RTI
"AllSuiteA.asm",851 : Invalid mnemonic.
855:	LDA $33
"AllSuiteA.asm",855 : Invalid mnemonic.
856:	CMP $020C
"AllSuiteA.asm",856 : Invalid mnemonic.
857:	BEQ test13
"AllSuiteA.asm",857 : Invalid mnemonic.
858:	LDA #$0C
"AllSuiteA.asm",858 : Invalid mnemonic.
859:	STA $0210
"AllSuiteA.asm",859 : Invalid mnemonic.
860:	JMP theend
"AllSuiteA.asm",860 : Invalid mnemonic.
868:	ADC #$01
"AllSuiteA.asm",868 : Invalid mnemonic.
870:	SEI
"AllSuiteA.asm",870 : Invalid mnemonic.
871:	SED
"AllSuiteA.asm",871 : Invalid mnemonic.
AS65 Assembler for R6502 [1.42].                                     Page   22
------------------------------- AllSuiteA.asm --------------------------------

872:	PHP
"AllSuiteA.asm",872 : Invalid mnemonic.
873:	PLA
"AllSuiteA.asm",873 : Invalid mnemonic.
874:	STA $20
"AllSuiteA.asm",874 : Invalid mnemonic.
875:	CLI
"AllSuiteA.asm",875 : Invalid mnemonic.
876:	CLD
"AllSuiteA.asm",876 : Invalid mnemonic.
877:	PHP
"AllSuiteA.asm",877 : Invalid mnemonic.
878:	PLA
"AllSuiteA.asm",878 : Invalid mnemonic.
879:	ADC $20
"AllSuiteA.asm",879 : Invalid mnemonic.
880:	STA $21
"AllSuiteA.asm",880 : Invalid mnemonic.
883:	LDA $21
"AllSuiteA.asm",883 : Invalid mnemonic.
884:	CMP $020D
"AllSuiteA.asm",884 : Invalid mnemonic.
885:	BEQ test14
"AllSuiteA.asm",885 : Invalid mnemonic.
886:	LDA #$0D
"AllSuiteA.asm",886 : Invalid mnemonic.
887:	STA $0210
"AllSuiteA.asm",887 : Invalid mnemonic.
888:	JMP theend
"AllSuiteA.asm",888 : Invalid mnemonic.
897:	LDA #$41
"AllSuiteA.asm",897 : Invalid mnemonic.
898:	STA $60
"AllSuiteA.asm",898 : Invalid mnemonic.
904:	INC $60
"AllSuiteA.asm",904 : Invalid mnemonic.
907:	LDA $60
"AllSuiteA.asm",907 : Invalid mnemonic.
908:	CMP $020E
"AllSuiteA.asm",908 : Invalid mnemonic.
909:	BEQ suiteafinal
"AllSuiteA.asm",909 : Invalid mnemonic.
910:	LDA #$0E
"AllSuiteA.asm",910 : Invalid mnemonic.
911:	STA $0210
"AllSuiteA.asm",911 : Invalid mnemonic.
912:	JMP theend
"AllSuiteA.asm",912 : Invalid mnemonic.
920:	LDA #$FE
"AllSuiteA.asm",920 : Invalid mnemonic.
921:	CMP $0210
"AllSuiteA.asm",921 : Invalid mnemonic.
922:	BNE theend
"AllSuiteA.asm",922 : Invalid mnemonic.
923:	INC $0210
"AllSuiteA.asm",923 : Invalid mnemonic.
925:	JMP theend
"AllSuiteA.asm",925 : Invalid mnemonic.
925 lines read, 680 errors in pass 1.
